2025-01-26 09:56:46,098 - INFO - Created directory: ../public
2025-01-26 10:02:14,526 - INFO - Removing directory: public
2025-01-26 10:02:14,527 - INFO - Removed directory: public
2025-01-26 10:02:14,528 - INFO - Created directory: public
2025-01-26 10:02:14,528 - INFO - Entering directory: /home/stuart/workspace/github.com/5tuartw/ssg/static/images
2025-01-26 10:02:14,528 - INFO - Copying file: /home/stuart/workspace/github.com/5tuartw/ssg/static/images/rivendell.png to /home/stuart/workspace/github.com/5tuartw/ssg/public/images/rivendell.png
2025-01-26 10:02:14,535 - INFO - Copying file: /home/stuart/workspace/github.com/5tuartw/ssg/static/index.css to /home/stuart/workspace/github.com/5tuartw/ssg/public/index.css
2025-01-26 10:02:40,851 - INFO - Removing directory: public
2025-01-26 10:02:40,851 - INFO - Removed directory: public
2025-01-26 10:02:40,858 - INFO - Created directory: public
2025-01-26 10:02:40,859 - INFO - Entering directory: /home/stuart/workspace/github.com/5tuartw/ssg/static/images
2025-01-26 10:02:40,859 - INFO - Copying file: /home/stuart/workspace/github.com/5tuartw/ssg/static/images/rivendell.png to /home/stuart/workspace/github.com/5tuartw/ssg/public/images/rivendell.png
2025-01-26 10:02:40,860 - INFO - Copying file: /home/stuart/workspace/github.com/5tuartw/ssg/static/index.css to /home/stuart/workspace/github.com/5tuartw/ssg/public/index.css
2025-01-26 10:02:47,816 - INFO - Removing directory: public
2025-01-26 10:02:47,816 - INFO - Removed directory: public
2025-01-26 10:02:47,817 - INFO - Created directory: public
2025-01-26 10:02:47,817 - INFO - Entering directory: /home/stuart/workspace/github.com/5tuartw/ssg/static/images
2025-01-26 10:02:47,817 - INFO - Copying file: /home/stuart/workspace/github.com/5tuartw/ssg/static/images/rivendell.png to /home/stuart/workspace/github.com/5tuartw/ssg/public/images/rivendell.png
2025-01-26 10:02:47,818 - INFO - Copying file: /home/stuart/workspace/github.com/5tuartw/ssg/static/index.css to /home/stuart/workspace/github.com/5tuartw/ssg/public/index.css
2025-01-26 14:57:40,142 - INFO - Removing directory: public
2025-01-26 14:57:40,143 - INFO - Removed directory: public
2025-01-26 14:57:40,144 - INFO - Created directory: public
2025-01-26 14:57:40,144 - INFO - Entering directory: /home/stuart/workspace/github.com/5tuartw/ssg/static/images
2025-01-26 14:57:40,144 - INFO - Copying file: /home/stuart/workspace/github.com/5tuartw/ssg/static/images/rivendell.png to /home/stuart/workspace/github.com/5tuartw/ssg/public/images/rivendell.png
2025-01-26 14:57:40,149 - INFO - Copying file: /home/stuart/workspace/github.com/5tuartw/ssg/static/index.css to /home/stuart/workspace/github.com/5tuartw/ssg/public/index.css
2025-01-26 15:07:52,503 - INFO - Removing directory: public
2025-01-26 15:07:52,505 - INFO - Removed directory: public
2025-01-26 15:07:52,505 - INFO - Created directory: public
2025-01-26 15:07:52,505 - INFO - Entering directory: /home/stuart/workspace/github.com/5tuartw/ssg/static/images
2025-01-26 15:07:52,506 - INFO - Copying file: /home/stuart/workspace/github.com/5tuartw/ssg/static/images/rivendell.png to /home/stuart/workspace/github.com/5tuartw/ssg/public/images/rivendell.png
2025-01-26 15:07:52,511 - INFO - Copying file: /home/stuart/workspace/github.com/5tuartw/ssg/static/index.css to /home/stuart/workspace/github.com/5tuartw/ssg/public/index.css
2025-01-26 15:09:09,143 - INFO - Removing directory: public
2025-01-26 15:09:09,146 - INFO - Removed directory: public
2025-01-26 15:09:09,146 - INFO - Created directory: public
2025-01-26 15:09:09,147 - INFO - Entering directory: /home/stuart/workspace/github.com/5tuartw/ssg/static/images
2025-01-26 15:09:09,147 - INFO - Copying file: /home/stuart/workspace/github.com/5tuartw/ssg/static/images/rivendell.png to /home/stuart/workspace/github.com/5tuartw/ssg/public/images/rivendell.png
2025-01-26 15:09:09,152 - INFO - Copying file: /home/stuart/workspace/github.com/5tuartw/ssg/static/index.css to /home/stuart/workspace/github.com/5tuartw/ssg/public/index.css
2025-01-26 15:09:47,445 - INFO - Removing directory: public
2025-01-26 15:09:47,445 - INFO - Removed directory: public
2025-01-26 15:09:47,453 - INFO - Created directory: public
2025-01-26 15:09:47,453 - INFO - Entering directory: /home/stuart/workspace/github.com/5tuartw/ssg/static/images
2025-01-26 15:09:47,453 - INFO - Copying file: /home/stuart/workspace/github.com/5tuartw/ssg/static/images/rivendell.png to /home/stuart/workspace/github.com/5tuartw/ssg/public/images/rivendell.png
2025-01-26 15:09:47,455 - INFO - Copying file: /home/stuart/workspace/github.com/5tuartw/ssg/static/index.css to /home/stuart/workspace/github.com/5tuartw/ssg/public/index.css
2025-01-26 15:11:10,263 - INFO - Removing directory: public
2025-01-26 15:11:10,263 - INFO - Removed directory: public
2025-01-26 15:11:10,266 - INFO - Created directory: public
2025-01-26 15:11:10,266 - INFO - Entering directory: /home/stuart/workspace/github.com/5tuartw/ssg/static/images
2025-01-26 15:11:10,267 - INFO - Copying file: /home/stuart/workspace/github.com/5tuartw/ssg/static/images/rivendell.png to /home/stuart/workspace/github.com/5tuartw/ssg/public/images/rivendell.png
2025-01-26 15:11:10,268 - INFO - Copying file: /home/stuart/workspace/github.com/5tuartw/ssg/static/index.css to /home/stuart/workspace/github.com/5tuartw/ssg/public/index.css
2025-01-26 15:14:19,702 - INFO - Removing directory: public
2025-01-26 15:14:19,703 - INFO - Removed directory: public
2025-01-26 15:14:19,703 - INFO - Created directory: public
2025-01-26 15:14:19,703 - INFO - Entering directory: /home/stuart/workspace/github.com/5tuartw/ssg/static/images
2025-01-26 15:14:19,704 - INFO - Copying file: /home/stuart/workspace/github.com/5tuartw/ssg/static/images/rivendell.png to /home/stuart/workspace/github.com/5tuartw/ssg/public/images/rivendell.png
2025-01-26 15:14:19,709 - INFO - Copying file: /home/stuart/workspace/github.com/5tuartw/ssg/static/index.css to /home/stuart/workspace/github.com/5tuartw/ssg/public/index.css
2025-01-26 15:18:56,350 - INFO - Removing directory: public
2025-01-26 15:18:56,352 - INFO - Removed directory: public
2025-01-26 15:18:56,352 - INFO - Created directory: public
2025-01-26 15:18:56,352 - INFO - Entering directory: /home/stuart/workspace/github.com/5tuartw/ssg/static/images
2025-01-26 15:18:56,353 - INFO - Copying file: /home/stuart/workspace/github.com/5tuartw/ssg/static/images/rivendell.png to /home/stuart/workspace/github.com/5tuartw/ssg/public/images/rivendell.png
2025-01-26 15:18:56,358 - INFO - Copying file: /home/stuart/workspace/github.com/5tuartw/ssg/static/index.css to /home/stuart/workspace/github.com/5tuartw/ssg/public/index.css
2025-01-26 15:20:05,738 - INFO - Removing directory: public
2025-01-26 15:20:05,740 - INFO - Removed directory: public
2025-01-26 15:20:05,740 - INFO - Created directory: public
2025-01-26 15:20:05,740 - INFO - Entering directory: /home/stuart/workspace/github.com/5tuartw/ssg/static/images
2025-01-26 15:20:05,741 - INFO - Copying file: /home/stuart/workspace/github.com/5tuartw/ssg/static/images/rivendell.png to /home/stuart/workspace/github.com/5tuartw/ssg/public/images/rivendell.png
2025-01-26 15:20:05,746 - INFO - Copying file: /home/stuart/workspace/github.com/5tuartw/ssg/static/index.css to /home/stuart/workspace/github.com/5tuartw/ssg/public/index.css
2025-01-26 15:28:52,938 - INFO - Removing directory: public
2025-01-26 15:28:52,939 - INFO - Removed directory: public
2025-01-26 15:28:52,939 - INFO - Created directory: public
2025-01-26 15:28:52,939 - INFO - Entering directory: /home/stuart/workspace/github.com/5tuartw/ssg/static/images
2025-01-26 15:28:52,940 - INFO - Copying file: /home/stuart/workspace/github.com/5tuartw/ssg/static/images/rivendell.png to /home/stuart/workspace/github.com/5tuartw/ssg/public/images/rivendell.png
2025-01-26 15:28:52,941 - INFO - Copying file: /home/stuart/workspace/github.com/5tuartw/ssg/static/index.css to /home/stuart/workspace/github.com/5tuartw/ssg/public/index.css
2025-01-26 15:39:57,790 - INFO - Removing directory: public
2025-01-26 15:39:57,790 - INFO - Removed directory: public
2025-01-26 15:39:57,791 - INFO - Created directory: public
2025-01-26 15:39:57,791 - INFO - Entering directory: /home/stuart/workspace/github.com/5tuartw/ssg/static/images
2025-01-26 15:39:57,791 - INFO - Copying file: /home/stuart/workspace/github.com/5tuartw/ssg/static/images/rivendell.png to /home/stuart/workspace/github.com/5tuartw/ssg/public/images/rivendell.png
2025-01-26 15:39:57,792 - INFO - Copying file: /home/stuart/workspace/github.com/5tuartw/ssg/static/index.css to /home/stuart/workspace/github.com/5tuartw/ssg/public/index.css
2025-01-26 15:42:31,928 - INFO - Removing directory: public
2025-01-26 15:42:31,928 - INFO - Removed directory: public
2025-01-26 15:42:31,928 - INFO - Created directory: public
2025-01-26 15:42:31,929 - INFO - Entering directory: /home/stuart/workspace/github.com/5tuartw/ssg/static/images
2025-01-26 15:42:31,929 - INFO - Copying file: /home/stuart/workspace/github.com/5tuartw/ssg/static/images/rivendell.png to /home/stuart/workspace/github.com/5tuartw/ssg/public/images/rivendell.png
2025-01-26 15:42:31,934 - INFO - Copying file: /home/stuart/workspace/github.com/5tuartw/ssg/static/index.css to /home/stuart/workspace/github.com/5tuartw/ssg/public/index.css
2025-01-26 15:47:03,927 - INFO - Removing directory: public
2025-01-26 15:47:03,928 - INFO - Removed directory: public
2025-01-26 15:47:03,928 - INFO - Created directory: public
2025-01-26 15:47:03,928 - INFO - Entering directory: /home/stuart/workspace/github.com/5tuartw/ssg/static/images
2025-01-26 15:47:03,928 - INFO - Copying file: /home/stuart/workspace/github.com/5tuartw/ssg/static/images/rivendell.png to /home/stuart/workspace/github.com/5tuartw/ssg/public/images/rivendell.png
2025-01-26 15:47:03,934 - INFO - Copying file: /home/stuart/workspace/github.com/5tuartw/ssg/static/index.css to /home/stuart/workspace/github.com/5tuartw/ssg/public/index.css
2025-01-26 15:51:49,810 - INFO - Removing directory: public
2025-01-26 15:51:49,811 - INFO - Removed directory: public
2025-01-26 15:51:49,811 - INFO - Created directory: public
2025-01-26 15:51:49,811 - INFO - Entering directory: /home/stuart/workspace/github.com/5tuartw/ssg/static/images
2025-01-26 15:51:49,812 - INFO - Copying file: /home/stuart/workspace/github.com/5tuartw/ssg/static/images/rivendell.png to /home/stuart/workspace/github.com/5tuartw/ssg/public/images/rivendell.png
2025-01-26 15:51:49,813 - INFO - Copying file: /home/stuart/workspace/github.com/5tuartw/ssg/static/index.css to /home/stuart/workspace/github.com/5tuartw/ssg/public/index.css
2025-01-26 15:56:15,097 - INFO - Removing directory: public
2025-01-26 15:56:15,098 - INFO - Removed directory: public
2025-01-26 15:56:15,098 - INFO - Created directory: public
2025-01-26 15:56:15,098 - INFO - Entering directory: /home/stuart/workspace/github.com/5tuartw/ssg/static/images
2025-01-26 15:56:15,099 - INFO - Copying file: /home/stuart/workspace/github.com/5tuartw/ssg/static/images/rivendell.png to /home/stuart/workspace/github.com/5tuartw/ssg/public/images/rivendell.png
2025-01-26 15:56:15,100 - INFO - Copying file: /home/stuart/workspace/github.com/5tuartw/ssg/static/index.css to /home/stuart/workspace/github.com/5tuartw/ssg/public/index.css
2025-01-26 15:56:43,879 - INFO - Removing directory: public
2025-01-26 15:56:43,880 - INFO - Removed directory: public
2025-01-26 15:56:43,880 - INFO - Created directory: public
2025-01-26 15:56:43,880 - INFO - Entering directory: /home/stuart/workspace/github.com/5tuartw/ssg/static/images
2025-01-26 15:56:43,881 - INFO - Copying file: /home/stuart/workspace/github.com/5tuartw/ssg/static/images/rivendell.png to /home/stuart/workspace/github.com/5tuartw/ssg/public/images/rivendell.png
2025-01-26 15:56:43,886 - INFO - Copying file: /home/stuart/workspace/github.com/5tuartw/ssg/static/index.css to /home/stuart/workspace/github.com/5tuartw/ssg/public/index.css
2025-01-26 15:58:24,117 - INFO - Removing directory: public
2025-01-26 15:58:24,118 - INFO - Removed directory: public
2025-01-26 15:58:24,118 - INFO - Created directory: public
2025-01-26 15:58:24,118 - INFO - Entering directory: /home/stuart/workspace/github.com/5tuartw/ssg/static/images
2025-01-26 15:58:24,119 - INFO - Copying file: /home/stuart/workspace/github.com/5tuartw/ssg/static/images/rivendell.png to /home/stuart/workspace/github.com/5tuartw/ssg/public/images/rivendell.png
2025-01-26 15:58:24,120 - INFO - Copying file: /home/stuart/workspace/github.com/5tuartw/ssg/static/index.css to /home/stuart/workspace/github.com/5tuartw/ssg/public/index.css
2025-01-26 17:42:31,636 - INFO - Removing directory: public
2025-01-26 17:42:31,638 - INFO - Removed directory: public
2025-01-26 17:42:31,639 - INFO - Created directory: public
2025-01-26 17:42:31,639 - INFO - Entering directory: /home/stuart/workspace/github.com/5tuartw/ssg/static/images
2025-01-26 17:42:31,639 - INFO - Copying file: /home/stuart/workspace/github.com/5tuartw/ssg/static/images/rivendell.png to /home/stuart/workspace/github.com/5tuartw/ssg/public/images/rivendell.png
2025-01-26 17:42:31,644 - INFO - Copying file: /home/stuart/workspace/github.com/5tuartw/ssg/static/index.css to /home/stuart/workspace/github.com/5tuartw/ssg/public/index.css
2025-01-26 17:43:28,443 - INFO - Removing directory: public
2025-01-26 17:43:28,443 - INFO - Removed directory: public
2025-01-26 17:43:28,443 - INFO - Created directory: public
2025-01-26 17:43:28,443 - INFO - Entering directory: /home/stuart/workspace/github.com/5tuartw/ssg/static/images
2025-01-26 17:43:28,444 - INFO - Copying file: /home/stuart/workspace/github.com/5tuartw/ssg/static/images/rivendell.png to /home/stuart/workspace/github.com/5tuartw/ssg/public/images/rivendell.png
2025-01-26 17:43:28,449 - INFO - Copying file: /home/stuart/workspace/github.com/5tuartw/ssg/static/index.css to /home/stuart/workspace/github.com/5tuartw/ssg/public/index.css
2025-04-06 17:26:42,667 - INFO - Removing directory: public
2025-04-06 17:26:42,671 - INFO - Removed directory: public
2025-04-06 17:26:42,671 - INFO - Created directory: public
2025-04-06 17:26:42,671 - INFO - Entering directory: /home/stuart/workspace/github.com/5tuartw/ssg/static/images
2025-04-06 17:26:42,672 - INFO - Copying file: /home/stuart/workspace/github.com/5tuartw/ssg/static/images/tom.png to /home/stuart/workspace/github.com/5tuartw/ssg/public/images/tom.png
2025-04-06 17:26:42,675 - INFO - Copying file: /home/stuart/workspace/github.com/5tuartw/ssg/static/images/glorfindel.png to /home/stuart/workspace/github.com/5tuartw/ssg/public/images/glorfindel.png
2025-04-06 17:26:42,678 - INFO - Copying file: /home/stuart/workspace/github.com/5tuartw/ssg/static/images/rivendell.png to /home/stuart/workspace/github.com/5tuartw/ssg/public/images/rivendell.png
2025-04-06 17:26:42,684 - INFO - Copying file: /home/stuart/workspace/github.com/5tuartw/ssg/static/index.css to /home/stuart/workspace/github.com/5tuartw/ssg/public/index.css
2025-04-06 17:31:24,639 - INFO - Removing directory: public
2025-04-06 17:31:24,640 - INFO - Removed directory: public
2025-04-06 17:31:24,641 - INFO - Created directory: public
2025-04-06 17:31:24,641 - INFO - Entering directory: /home/stuart/workspace/github.com/5tuartw/ssg/static/images
2025-04-06 17:31:24,642 - INFO - Copying file: /home/stuart/workspace/github.com/5tuartw/ssg/static/images/tom.png to /home/stuart/workspace/github.com/5tuartw/ssg/public/images/tom.png
2025-04-06 17:31:24,642 - INFO - Copying file: /home/stuart/workspace/github.com/5tuartw/ssg/static/images/glorfindel.png to /home/stuart/workspace/github.com/5tuartw/ssg/public/images/glorfindel.png
2025-04-06 17:31:24,643 - INFO - Copying file: /home/stuart/workspace/github.com/5tuartw/ssg/static/images/rivendell.png to /home/stuart/workspace/github.com/5tuartw/ssg/public/images/rivendell.png
2025-04-06 17:31:24,644 - INFO - Copying file: /home/stuart/workspace/github.com/5tuartw/ssg/static/index.css to /home/stuart/workspace/github.com/5tuartw/ssg/public/index.css
2025-04-06 17:33:48,943 - INFO - Removing directory: public
2025-04-06 17:33:48,948 - INFO - Removed directory: public
2025-04-06 17:33:48,948 - INFO - Created directory: public
2025-04-06 17:33:48,948 - INFO - Entering directory: /home/stuart/workspace/github.com/5tuartw/ssg/static/images
2025-04-06 17:33:48,948 - INFO - Copying file: /home/stuart/workspace/github.com/5tuartw/ssg/static/images/tom.png to /home/stuart/workspace/github.com/5tuartw/ssg/public/images/tom.png
2025-04-06 17:33:48,952 - INFO - Copying file: /home/stuart/workspace/github.com/5tuartw/ssg/static/images/glorfindel.png to /home/stuart/workspace/github.com/5tuartw/ssg/public/images/glorfindel.png
2025-04-06 17:33:48,955 - INFO - Copying file: /home/stuart/workspace/github.com/5tuartw/ssg/static/images/tolkien.png to /home/stuart/workspace/github.com/5tuartw/ssg/public/images/tolkien.png
2025-04-06 17:33:48,958 - INFO - Copying file: /home/stuart/workspace/github.com/5tuartw/ssg/static/images/rivendell.png to /home/stuart/workspace/github.com/5tuartw/ssg/public/images/rivendell.png
2025-04-06 17:33:48,965 - INFO - Copying file: /home/stuart/workspace/github.com/5tuartw/ssg/static/index.css to /home/stuart/workspace/github.com/5tuartw/ssg/public/index.css
2025-04-06 17:35:10,989 - INFO - Removing directory: public
2025-04-06 17:35:10,990 - INFO - Removed directory: public
2025-04-06 17:35:10,991 - INFO - Created directory: public
2025-04-06 17:35:10,991 - INFO - Entering directory: /home/stuart/workspace/github.com/5tuartw/ssg/static/images
2025-04-06 17:35:10,993 - INFO - Copying file: /home/stuart/workspace/github.com/5tuartw/ssg/static/images/tom.png to /home/stuart/workspace/github.com/5tuartw/ssg/public/images/tom.png
2025-04-06 17:35:10,994 - INFO - Copying file: /home/stuart/workspace/github.com/5tuartw/ssg/static/images/glorfindel.png to /home/stuart/workspace/github.com/5tuartw/ssg/public/images/glorfindel.png
2025-04-06 17:35:10,994 - INFO - Copying file: /home/stuart/workspace/github.com/5tuartw/ssg/static/images/tolkien.png to /home/stuart/workspace/github.com/5tuartw/ssg/public/images/tolkien.png
2025-04-06 17:35:10,995 - INFO - Copying file: /home/stuart/workspace/github.com/5tuartw/ssg/static/images/rivendell.png to /home/stuart/workspace/github.com/5tuartw/ssg/public/images/rivendell.png
2025-04-06 17:35:10,996 - INFO - Copying file: /home/stuart/workspace/github.com/5tuartw/ssg/static/index.css to /home/stuart/workspace/github.com/5tuartw/ssg/public/index.css
